******************************************************************************
            TI ARM Clang Linker PC v4.0.0                      
******************************************************************************
>> Linked Wed May 13 12:14:19 2026

OUTPUT FILE NAME:   <Final_Project.out>
ENTRY POINT SYMBOL: "_c_int00_noargs"  address: 00001fbd


MEMORY CONFIGURATION

         name            origin    length      used     unused   attr    fill
----------------------  --------  ---------  --------  --------  ----  --------
  FLASH                 00000000   00020000  00002378  0001dc88  R  X
  SRAM                  20200000   00008000  00000a0a  000075f6  RW X
  BCR_CONFIG            41c00000   00000080  00000000  00000080  R   
  BSL_CONFIG            41c00100   00000080  00000000  00000080  R   


SEGMENT ALLOCATION MAP

run origin  load origin   length   init length attrs members
----------  ----------- ---------- ----------- ----- -------
00000000    00000000    00002378   00002378    r-x
  00000000    00000000    000000c0   000000c0    r-- .intvecs
  000000c0    000000c0    000020e8   000020e8    r-x .text
  000021a8    000021a8    000001b0   000001b0    r-- .rodata
  00002358    00002358    00000020   00000020    r-- .cinit
20200000    20200000    0000080a   00000000    rw-
  20200000    20200000    00000800   00000000    rw- .sysmem
  20200800    20200800    0000000a   00000000    rw- .data
20207e00    20207e00    00000200   00000000    rw-
  20207e00    20207e00    00000200   00000000    rw- .stack


SECTION ALLOCATION MAP

 output                                  attributes/
section   page    origin      length       input sections
--------  ----  ----------  ----------   ----------------
.intvecs   0    00000000    000000c0     
                  00000000    000000c0     startup_mspm0g3507_ticlang.o (.intvecs)

.text      0    000000c0    000020e8     
                  000000c0    000001c0     Final_project_main.o (.text.run_monitoring_system)
                  00000280    00000192     libclang_rt.builtins.a : adddf3.S.obj (.text.adddf3_subdf3)
                  00000412    00000002                            : aeabi_div0.c.obj (.text.__aeabi_idiv0)
                  00000414    00000180     LaunchPad.o (.text.leds_on)
                  00000594    00000170     clock.o (.text.clock_init_40mhz)
                  00000704    00000150     LaunchPad.o (.text.I2C_mstr_send_internal)
                  00000854    00000148     light_sensor.o (.text.light_correction)
                  0000099c    0000011c     lcd1602.o (.text.lcd1602_write)
                  00000ab8    0000010c     LaunchPad.o (.text.seg7_init)
                  00000bc4    000000f0     timer.o (.text.TIMG8_IRQHandler)
                  00000cb4    000000d4     adc.o (.text.ADC0_init)
                  00000d88    000000d4     adc.o (.text.ADC1_init)
                  00000e5c    000000d4     uart.o (.text.UART_init)
                  00000f30    000000d0     LaunchPad.o (.text.leds_off)
                  00001000    000000c0     lcd1602.o (.text.lcd1602_init)
                  000010c0    000000bc     LaunchPad.o (.text.I2C_mstr_init)
                  0000117c    000000b4     LaunchPad.o (.text.lp_leds_off)
                  00001230    000000b4     LaunchPad.o (.text.lp_leds_on)
                  000012e4    000000b0     LaunchPad.o (.text.motor0_pwm_init)
                  00001394    000000ac     timer.o (.text.TIMA0_C0_pwm_init)
                  00001440    000000a8     LaunchPad.o (.text.lp_leds_init)
                  000014e8    00000090     timer.o (.text.TIMG8_config)
                  00001578    00000090     light_sensor.o (.text.light_display)
                  00001608    0000008c     Final_project_main.o (.text.GROUP1_IRQHandler)
                  00001694    00000088     soil_sensor.o (.text.display_soil)
                  0000171c    00000084     Final_project_main.o (.text.__NVIC_SetPriority)
                  000017a0    00000084     timer.o (.text.__NVIC_SetPriority)
                  00001824    0000007c     lcd1602.o (.text.doublebyte_to_ascii)
                  000018a0    0000007c     libc.a : copy_decompress_lzss.c.obj (.text:decompress:lzss)
                  0000191c    00000074     LaunchPad.o (.text.seg7_off)
                  00001990    00000070     Final_project_main.o (.text.main)
                  00001a00    00000068     adc.o (.text.ADC0_in)
                  00001a68    00000068     adc.o (.text.ADC1_in)
                  00001ad0    00000064     Final_project_main.o (.text.watering_system)
                  00001b34    00000060     Final_project_main.o (.text.water_plant)
                  00001b94    0000005c     LaunchPad.o (.text.I2C_fill_tx_fifo)
                  00001bf0    00000058     LaunchPad.o (.text.seg7_dig_enable)
                  00001c48    0000004c     LaunchPad.o (.text.dipsw_init)
                  00001c94    00000042     libclang_rt.builtins.a : fixunsdfsi.S.obj (.text.__fixunsdfsi)
                  00001cd6    00000002     --HOLE-- [fill = 0]
                  00001cd8    00000040                            : aeabi_uidivmod.S.obj (.text.__aeabi_uidivmod)
                  00001d18    00000040     LaunchPad.o (.text.seg7_hex)
                  00001d58    0000003c     clock.o (.text.usec_delay)
                  00001d94    0000003c     libc.a : autoinit.c.obj (.text:__TI_auto_init_nobinit_nopinit)
                  00001dd0    00000038     Final_project_main.o (.text.interrupt_buzz)
                  00001e08    00000038     LaunchPad.o (.text.launchpad_gpio_init)
                  00001e40    00000034     Final_project_main.o (.text.config_pb1_interrupt)
                  00001e74    00000034     Final_project_main.o (.text.config_pb2_interrupt)
                  00001ea8    00000034     clock.o (.text.msec_delay)
                  00001edc    00000030     timer.o (.text.TIMG8_enable_interrupt)
                  00001f0c    0000002c     timer.o (.text.TIMA0_C0_set_pwm_dc)
                  00001f38    0000002c     Final_project_main.o (.text.__NVIC_EnableIRQ)
                  00001f64    0000002c     timer.o (.text.__NVIC_EnableIRQ)
                  00001f90    0000002c     lcd1602.o (.text.lcd_write_doublebyte)
                  00001fbc    00000028     libc.a : boot_cortex_m.c.obj (.text:_c_int00_noargs)
                  00001fe4    00000026     LaunchPad.o (.text.seg7_on)
                  0000200a    00000002     --HOLE-- [fill = 0]
                  0000200c    00000024     libclang_rt.builtins.a : floatunsidf.S.obj (.text.__floatunsidf)
                  00002030    00000024     lcd1602.o (.text.lcd_write_string)
                  00002054    00000020     lcd1602.o (.text.lcd_set_backlight_on)
                  00002074    00000020     lcd1602.o (.text.lcd_set_ddram_addr)
                  00002094    0000001e     LaunchPad.o (.text.I2C_mstr_send1)
                  000020b2    00000018     lcd1602.o (.text.lcd_write_char)
                  000020ca    00000002     --HOLE-- [fill = 0]
                  000020cc    00000014     LaunchPad.o (.text.motor0_set_pwm_count)
                  000020e0    00000012     libc.a : memcpy16.S.obj (.text:TI_memcpy_small)
                  000020f2    00000012            : copy_decompress_none.c.obj (.text:decompress:none)
                  00002104    00000010     timer.o (.text.TIMA0_C0_pwm_enable)
                  00002114    00000010     timer.o (.text.TIMG8_enable)
                  00002124    00000010     clock.o (.text.clock_delay)
                  00002134    00000010     LaunchPad.o (.text.motor0_pwm_disable)
                  00002144    00000010     LaunchPad.o (.text.motor0_pwm_enable)
                  00002154    0000000e     lcd1602.o (.text.lcd_clear)
                  00002162    00000002     --HOLE-- [fill = 0]
                  00002164    0000000c     timer.o (.text.TIMA0_C0_init)
                  00002170    0000000c     clock.o (.text.get_bus_clock_freq)
                  0000217c    0000000c     LaunchPad.o (.text.motor0_init)
                  00002188    00000008     libclang_rt.builtins.a : aeabi_memcpy.S.obj (.text.__aeabi_memcpy)
                  00002190    00000004     startup_mspm0g3507_ticlang.o (.text.Default_Handler)
                  00002194    00000004     startup_mspm0g3507_ticlang.o (.text.HardFault_Handler)
                  00002198    00000004     startup_mspm0g3507_ticlang.o (.text.Reset_Handler)
                  0000219c    00000004     libc.a : pre_init.c.obj (.text._system_pre_init)
                  000021a0    00000004            : exit.c.obj (.text:abort)
                  000021a4    00000004     --HOLE-- [fill = 0]

.cinit     0    00002358    00000020     
                  00002358    0000000b     (.cinit..data.load) [load image, compression = lzss]
                  00002363    00000001     --HOLE-- [fill = 0]
                  00002364    00000008     (__TI_handler_table)
                  0000236c    00000008     (__TI_cinit_table)
                  00002374    00000004     --HOLE-- [fill = 0]

.rodata    0    000021a8    000001b0     
                  000021a8    00000060     LaunchPad.o (.rodata.led_config_data)
                  00002208    0000003c     LaunchPad.o (.rodata.enable_controls)
                  00002244    00000030     LaunchPad.o (.rodata.dip_switch_config_data)
                  00002274    00000030     LaunchPad.o (.rodata.lp_led_config_data)
                  000022a4    00000018     LaunchPad.o (.rodata.iic_config_data)
                  000022bc    00000011     Final_project_main.o (.rodata.str1.113367736623946108131)
                  000022cd    00000011     Final_project_main.o (.rodata.str1.132598897817469071111)
                  000022de    00000011     Final_project_main.o (.rodata.str1.158293686427810717601)
                  000022ef    00000011     Final_project_main.o (.rodata.str1.2111913673257691011)
                  00002300    0000000f     Final_project_main.o (.rodata.str1.55932294812474455831)
                  0000230f    0000000d     soil_sensor.o (.rodata.str1.107477899473405917431)
                  0000231c    0000000d     soil_sensor.o (.rodata.str1.157815876255455950781)
                  00002329    0000000a     Final_project_main.o (.rodata.str1.66246362225142467361)
                  00002333    00000008     light_sensor.o (.rodata.str1.169528452958725161131)
                  0000233b    00000008     light_sensor.o (.rodata.str1.37588485510668260261)
                  00002343    00000008     light_sensor.o (.rodata.str1.85769062010376098981)
                  0000234b    00000007     soil_sensor.o (.rodata.str1.19066637801956105941)
                  00002352    00000005     Final_project_main.o (.rodata.str1.96459432753672352261)
                  00002357    00000001     --HOLE-- [fill = 0]

.init_array 
*          0    00000000    00000000     UNINITIALIZED

.binit     0    00000000    00000000     

.data      0    20200800    0000000a     UNINITIALIZED
                  20200800    00000004     clock.o (.data.g_bus_clock_freq)
                  20200804    00000001     light_sensor.o (.data.duty_cycle)
                  20200805    00000001     lcd1602.o (.data.g_lcd_backlight_mode)
                  20200806    00000001     Final_project_main.o (.data.g_pb1_pressed)
                  20200807    00000001     Final_project_main.o (.data.g_pb2_pressed)
                  20200808    00000001     timer.o (.data.ones_seconds)
                  20200809    00000001     timer.o (.data.tens_seconds)

.sysmem    0    20200000    00000800     UNINITIALIZED
                  20200000    00000010     libc.a : memory.c.obj (.sysmem)
                  20200010    000007f0     --HOLE--

.stack     0    20207e00    00000200     UNINITIALIZED
                  20207e00    00000004     libc.a : boot_cortex_m.c.obj (.stack)
                  20207e04    000001fc     --HOLE--

__llvm_prf_cnts 
*          0    20200000    00000000     UNINITIALIZED

__llvm_prf_bits 
*          0    20200000    00000000     UNINITIALIZED

MODULE SUMMARY

       Module                         code   ro data   rw data
       ------                         ----   -------   -------
    .\
       LaunchPad.o                    2712   276       0      
       Final_project_main.o           1232   98        2      
       timer.o                        868    0         2      
       lcd1602.o                      782    0         1      
       adc.o                          632    0         0      
       clock.o                        508    0         4      
       light_sensor.o                 472    24        1      
       uart.o                         212    0         0      
       soil_sensor.o                  136    33        0      
    +--+------------------------------+------+---------+---------+
       Total:                         7554   431       10     
                                                              
    .\ticlang\
       startup_mspm0g3507_ticlang.o   12     192       0      
    +--+------------------------------+------+---------+---------+
       Total:                         12     192       0      
                                                              
    C:\ti\ccstheia151\ccs\tools\compiler\ti-cgt-armllvm_4.0.0.LTS\lib\armv6m-ti-none-eabi/c/libc.a
       copy_decompress_lzss.c.obj     124    0         0      
       autoinit.c.obj                 60     0         0      
       boot_cortex_m.c.obj            40     0         0      
       copy_decompress_none.c.obj     18     0         0      
       memcpy16.S.obj                 18     0         0      
       exit.c.obj                     4      0         0      
       pre_init.c.obj                 4      0         0      
    +--+------------------------------+------+---------+---------+
       Total:                         268    0         0      
                                                              
    C:\ti\ccstheia151\ccs\tools\compiler\ti-cgt-armllvm_4.0.0.LTS\lib\armv6m-ti-none-eabi/libclang_rt.builtins.a
       adddf3.S.obj                   402    0         0      
       fixunsdfsi.S.obj               66     0         0      
       aeabi_uidivmod.S.obj           64     0         0      
       floatunsidf.S.obj              36     0         0      
       aeabi_memcpy.S.obj             8      0         0      
       aeabi_div0.c.obj               2      0         0      
    +--+------------------------------+------+---------+---------+
       Total:                         578    0         0      
                                                              
       Heap:                          0      0         2048   
       Stack:                         0      0         512    
       Linker Generated:              0      27        0      
    +--+------------------------------+------+---------+---------+
       Grand Total:                   8412   650       2570   


LINKER GENERATED COPY TABLES

__TI_cinit_table @ 0000236c records: 1, size/record: 8, table size: 8
	.data: load addr=00002358, load size=0000000b bytes, run addr=20200800, run size=0000000a bytes, compression=lzss


LINKER GENERATED HANDLER TABLE

__TI_handler_table @ 00002364 records: 2, size/record: 4, table size: 8
	index: 0, handler: __TI_decompress_lzss
	index: 1, handler: __TI_decompress_none


GLOBAL SYMBOLS: SORTED ALPHABETICALLY BY Name 

address   name                          
-------   ----                          
00002191  ADC0_IRQHandler               
00001a01  ADC0_in                       
00000cb5  ADC0_init                     
00002191  ADC1_IRQHandler               
00001a69  ADC1_in                       
00000d89  ADC1_init                     
00002191  AES_IRQHandler                
000021a0  C$$EXIT                       
00002191  CANFD0_IRQHandler             
00002191  DAC0_IRQHandler               
00002191  DMA_IRQHandler                
00002191  Default_Handler               
00002191  GROUP0_IRQHandler             
00001609  GROUP1_IRQHandler             
00002195  HardFault_Handler             
00002191  I2C0_IRQHandler               
00002191  I2C1_IRQHandler               
000010c1  I2C_mstr_init                 
00002095  I2C_mstr_send1                
00002191  NMI_Handler                   
00002191  PendSV_Handler                
00002191  RTC_IRQHandler                
00002199  Reset_Handler                 
00002191  SPI0_IRQHandler               
00002191  SPI1_IRQHandler               
00002191  SVC_Handler                   
00002191  SysTick_Handler               
00002165  TIMA0_C0_init                 
00002105  TIMA0_C0_pwm_enable           
00001395  TIMA0_C0_pwm_init             
00001f0d  TIMA0_C0_set_pwm_dc           
00002191  TIMA0_IRQHandler              
00002191  TIMA1_IRQHandler              
00002191  TIMG0_IRQHandler              
00002191  TIMG12_IRQHandler             
00002191  TIMG6_IRQHandler              
00002191  TIMG7_IRQHandler              
00000bc5  TIMG8_IRQHandler              
000014e9  TIMG8_config                  
00002115  TIMG8_enable                  
00001edd  TIMG8_enable_interrupt        
000020e1  TI_memcpy_small               
00002191  UART0_IRQHandler              
00002191  UART1_IRQHandler              
00002191  UART2_IRQHandler              
00002191  UART3_IRQHandler              
00000e5d  UART_init                     
20208000  __STACK_END                   
00000200  __STACK_SIZE                  
00000800  __SYSMEM_SIZE                 
00000000  __TI_ATRegion0_region_sz      
00000000  __TI_ATRegion0_src_addr       
00000000  __TI_ATRegion0_trg_addr       
00000000  __TI_ATRegion1_region_sz      
00000000  __TI_ATRegion1_src_addr       
00000000  __TI_ATRegion1_trg_addr       
00000000  __TI_ATRegion2_region_sz      
00000000  __TI_ATRegion2_src_addr       
00000000  __TI_ATRegion2_trg_addr       
0000236c  __TI_CINIT_Base               
00002374  __TI_CINIT_Limit              
00002374  __TI_CINIT_Warm               
00002364  __TI_Handler_Table_Base       
0000236c  __TI_Handler_Table_Limit      
00001d95  __TI_auto_init_nobinit_nopinit
000018a1  __TI_decompress_lzss          
000020f3  __TI_decompress_none          
ffffffff  __TI_pprof_out_hndl           
ffffffff  __TI_prof_data_size           
ffffffff  __TI_prof_data_start          
00000000  __TI_static_base__            
0000028b  __adddf3                      
00001c95  __aeabi_d2uiz                 
0000028b  __aeabi_dadd                  
00000281  __aeabi_dsub                  
00000413  __aeabi_idiv0                 
00002189  __aeabi_memcpy                
00002189  __aeabi_memcpy4               
00002189  __aeabi_memcpy8               
0000200d  __aeabi_ui2d                  
00001cd9  __aeabi_uidiv                 
00001cd9  __aeabi_uidivmod              
ffffffff  __binit__                     
00001c95  __fixunsdfsi                  
0000200d  __floatunsidf                 
UNDEFED   __mpu_init                    
20207e00  __stack                       
20200000  __start___llvm_prf_bits       
20200000  __start___llvm_prf_cnts       
20200000  __stop___llvm_prf_bits        
20200000  __stop___llvm_prf_cnts        
00000281  __subdf3                      
00001fbd  _c_int00_noargs               
20200000  _sys_memory                   
UNDEFED   _system_post_cinit            
0000219d  _system_pre_init              
000021a1  abort                         
ffffffff  binit                         
00002125  clock_delay                   
00000595  clock_init_40mhz              
00001e41  config_pb1_interrupt          
00001e75  config_pb2_interrupt          
00002244  dip_switch_config_data        
00001c49  dipsw_init                    
00001695  display_soil                  
00001825  doublebyte_to_ascii           
20200804  duty_cycle                    
00002208  enable_controls               
20200800  g_bus_clock_freq              
20200806  g_pb1_pressed                 
20200807  g_pb2_pressed                 
00002171  get_bus_clock_freq            
000022a4  iic_config_data               
00000000  interruptVectors              
00001dd1  interrupt_buzz                
00001e09  launchpad_gpio_init           
00001001  lcd1602_init                  
0000099d  lcd1602_write                 
00002155  lcd_clear                     
00002055  lcd_set_backlight_on          
00002075  lcd_set_ddram_addr            
000020b3  lcd_write_char                
00001f91  lcd_write_doublebyte          
00002031  lcd_write_string              
000021a8  led_config_data               
00000f31  leds_off                      
00000415  leds_on                       
00000855  light_correction              
00001579  light_display                 
00002274  lp_led_config_data            
00001441  lp_leds_init                  
0000117d  lp_leds_off                   
00001231  lp_leds_on                    
00001991  main                          
0000217d  motor0_init                   
00002135  motor0_pwm_disable            
00002145  motor0_pwm_enable             
000012e5  motor0_pwm_init               
000020cd  motor0_set_pwm_count          
00001ea9  msec_delay                    
20200808  ones_seconds                  
000000c1  run_monitoring_system         
00001bf1  seg7_dig_enable               
00001d19  seg7_hex                      
00000ab9  seg7_init                     
0000191d  seg7_off                      
00001fe5  seg7_on                       
20200809  tens_seconds                  
00001d59  usec_delay                    
00001b35  water_plant                   
00001ad1  watering_system               


GLOBAL SYMBOLS: SORTED BY Symbol Address 

address   name                          
-------   ----                          
00000000  __TI_ATRegion0_region_sz      
00000000  __TI_ATRegion0_src_addr       
00000000  __TI_ATRegion0_trg_addr       
00000000  __TI_ATRegion1_region_sz      
00000000  __TI_ATRegion1_src_addr       
00000000  __TI_ATRegion1_trg_addr       
00000000  __TI_ATRegion2_region_sz      
00000000  __TI_ATRegion2_src_addr       
00000000  __TI_ATRegion2_trg_addr       
00000000  __TI_static_base__            
00000000  interruptVectors              
000000c1  run_monitoring_system         
00000200  __STACK_SIZE                  
00000281  __aeabi_dsub                  
00000281  __subdf3                      
0000028b  __adddf3                      
0000028b  __aeabi_dadd                  
00000413  __aeabi_idiv0                 
00000415  leds_on                       
00000595  clock_init_40mhz              
00000800  __SYSMEM_SIZE                 
00000855  light_correction              
0000099d  lcd1602_write                 
00000ab9  seg7_init                     
00000bc5  TIMG8_IRQHandler              
00000cb5  ADC0_init                     
00000d89  ADC1_init                     
00000e5d  UART_init                     
00000f31  leds_off                      
00001001  lcd1602_init                  
000010c1  I2C_mstr_init                 
0000117d  lp_leds_off                   
00001231  lp_leds_on                    
000012e5  motor0_pwm_init               
00001395  TIMA0_C0_pwm_init             
00001441  lp_leds_init                  
000014e9  TIMG8_config                  
00001579  light_display                 
00001609  GROUP1_IRQHandler             
00001695  display_soil                  
00001825  doublebyte_to_ascii           
000018a1  __TI_decompress_lzss          
0000191d  seg7_off                      
00001991  main                          
00001a01  ADC0_in                       
00001a69  ADC1_in                       
00001ad1  watering_system               
00001b35  water_plant                   
00001bf1  seg7_dig_enable               
00001c49  dipsw_init                    
00001c95  __aeabi_d2uiz                 
00001c95  __fixunsdfsi                  
00001cd9  __aeabi_uidiv                 
00001cd9  __aeabi_uidivmod              
00001d19  seg7_hex                      
00001d59  usec_delay                    
00001d95  __TI_auto_init_nobinit_nopinit
00001dd1  interrupt_buzz                
00001e09  launchpad_gpio_init           
00001e41  config_pb1_interrupt          
00001e75  config_pb2_interrupt          
00001ea9  msec_delay                    
00001edd  TIMG8_enable_interrupt        
00001f0d  TIMA0_C0_set_pwm_dc           
00001f91  lcd_write_doublebyte          
00001fbd  _c_int00_noargs               
00001fe5  seg7_on                       
0000200d  __aeabi_ui2d                  
0000200d  __floatunsidf                 
00002031  lcd_write_string              
00002055  lcd_set_backlight_on          
00002075  lcd_set_ddram_addr            
00002095  I2C_mstr_send1                
000020b3  lcd_write_char                
000020cd  motor0_set_pwm_count          
000020e1  TI_memcpy_small               
000020f3  __TI_decompress_none          
00002105  TIMA0_C0_pwm_enable           
00002115  TIMG8_enable                  
00002125  clock_delay                   
00002135  motor0_pwm_disable            
00002145  motor0_pwm_enable             
00002155  lcd_clear                     
00002165  TIMA0_C0_init                 
00002171  get_bus_clock_freq            
0000217d  motor0_init                   
00002189  __aeabi_memcpy                
00002189  __aeabi_memcpy4               
00002189  __aeabi_memcpy8               
00002191  ADC0_IRQHandler               
00002191  ADC1_IRQHandler               
00002191  AES_IRQHandler                
00002191  CANFD0_IRQHandler             
00002191  DAC0_IRQHandler               
00002191  DMA_IRQHandler                
00002191  Default_Handler               
00002191  GROUP0_IRQHandler             
00002191  I2C0_IRQHandler               
00002191  I2C1_IRQHandler               
00002191  NMI_Handler                   
00002191  PendSV_Handler                
00002191  RTC_IRQHandler                
00002191  SPI0_IRQHandler               
00002191  SPI1_IRQHandler               
00002191  SVC_Handler                   
00002191  SysTick_Handler               
00002191  TIMA0_IRQHandler              
00002191  TIMA1_IRQHandler              
00002191  TIMG0_IRQHandler              
00002191  TIMG12_IRQHandler             
00002191  TIMG6_IRQHandler              
00002191  TIMG7_IRQHandler              
00002191  UART0_IRQHandler              
00002191  UART1_IRQHandler              
00002191  UART2_IRQHandler              
00002191  UART3_IRQHandler              
00002195  HardFault_Handler             
00002199  Reset_Handler                 
0000219d  _system_pre_init              
000021a0  C$$EXIT                       
000021a1  abort                         
000021a8  led_config_data               
00002208  enable_controls               
00002244  dip_switch_config_data        
00002274  lp_led_config_data            
000022a4  iic_config_data               
00002364  __TI_Handler_Table_Base       
0000236c  __TI_CINIT_Base               
0000236c  __TI_Handler_Table_Limit      
00002374  __TI_CINIT_Limit              
00002374  __TI_CINIT_Warm               
20200000  __start___llvm_prf_bits       
20200000  __start___llvm_prf_cnts       
20200000  __stop___llvm_prf_bits        
20200000  __stop___llvm_prf_cnts        
20200000  _sys_memory                   
20200800  g_bus_clock_freq              
20200804  duty_cycle                    
20200806  g_pb1_pressed                 
20200807  g_pb2_pressed                 
20200808  ones_seconds                  
20200809  tens_seconds                  
20207e00  __stack                       
20208000  __STACK_END                   
ffffffff  __TI_pprof_out_hndl           
ffffffff  __TI_prof_data_size           
ffffffff  __TI_prof_data_start          
ffffffff  __binit__                     
ffffffff  binit                         
UNDEFED   __mpu_init                    
UNDEFED   _system_post_cinit            

[151 symbols]
